605,323 674.34375,323 674.34375,351 669.984375,351 669.984375,369 610,369 610,351 605,351