610,351 669.984375,351 669.984375,369 674.34375,369 674.34375,397 605,397 605,369 610,369