610,351 669.9765625,351 669.9765625,351 749.34375,351 749.34375,369 669.9765625,369 669.9765625,369 610,369