610,351 669.984375,351 669.984375,351 749.34375,351 749.34375,369 669.984375,369 669.984375,369 610,369