610,352 669.9833374023438,352 669.9833374023438,350 749.3833312988281,350 749.3833312988281,369.1999969482422 669.9833374023438,369.1999969482422 669.9833374023438,368 610,368