531,351 610,351 610,351 669.984375,351 669.984375,369 610,369 610,369 531,369